2026-09-05T15:20:50.387783 [INFO] Database initialized
2026-09-05T17:03:41.814266 [INFO] Database initialized
2026-09-05T17:07:03.025148 [INFO] Customer login success: C1001
2026-09-05T17:10:27.491572 [ERROR] com.anshubank.exception.AccountNotFoundException: Receiver not found
2026-09-05T17:11:02.339828 [INFO] Admin login success: admin
2026-09-05T17:18:44.555724 [INFO] Admin login success: admin
2026-09-05T17:22:38.210029 [ERROR] java.lang.IllegalArgumentException: No enum constant com.anshubank.enums.AccountStatus.
2026-09-05T17:25:34.566533 [INFO] Admin login success: admin
2026-09-05T17:32:41.035019 [INFO] Customer login success: C78060
2026-09-05T17:40:14.276319 [INFO] Database initialized
2026-09-05T17:41:51.590491 [INFO] Admin login success: admin
2026-09-05T17:43:01.499338 [INFO] Customer login success: C80086
2026-09-12T10:36:24.260599 [INFO] Database initialized
2026-09-12T10:43:38.733559 [INFO] Database initialized
2026-09-12T10:44:39.522643 [INFO] Customer login success: C1001
2026-09-12T10:49:51.108114 [INFO] Database initialized
2026-09-12T10:50:29.683454 [INFO] Customer login success: C1001
2026-09-12T10:52:08.929125 [ERROR] com.anshubank.exception.AccountNotFoundException: Receiver not found
2026-09-12T11:01:59.980660 [INFO] Database initialized
2026-09-12T11:02:31.368734 [INFO] Customer login success: C1001
2026-09-12T11:03:57.027900 [INFO] Admin login success: admin
2026-09-12T11:06:23.646682 [INFO] Customer login success: C1001
2026-09-12T11:26:43.814998 [ERROR] com.anshubank.exception.InsufficientBalanceException: Insufficient balance in SB10001
2026-09-12T11:27:46.556181 [INFO] Customer login success: C1001
2026-09-12T18:04:27.646857 [INFO] Database initialized
2026-09-12T18:04:54.801750 [INFO] Customer login success: C1001
2026-09-12T18:08:28.480541 [INFO] Database initialized
2026-09-12T18:08:51.883988 [INFO] Customer login success: C1001
2026-09-12T18:13:53.205810 [ERROR] com.anshubank.exception.InsufficientBalanceException: Insufficient balance in SB10001
2026-09-12T18:16:15.731204 [INFO] Admin login success: admin
2026-09-12T18:23:03.881781 [ERROR] java.lang.IllegalArgumentException: No enum constant com.anshubank.enums.AccountStatus.
2026-09-12T18:26:38.934542 [INFO] Customer login success: C1001
2026-09-12T18:36:12.483591 [INFO] Database initialized
2026-09-12T18:37:21.730627 [INFO] Database initialized
2026-09-12T18:37:53.943870 [INFO] Customer login success: C1001
2026-09-12T18:39:05.206091 [ERROR] com.anshubank.exception.InsufficientBalanceException: Insufficient balance in SB10001
2026-09-12T18:39:27.638216 [INFO] Customer login success: C1001
2026-09-12T19:01:20.990466 [INFO] Database initialized
2026-09-12T19:01:45.067909 [INFO] Customer login success: C1001
2026-09-12T19:08:16.624891 [ERROR] com.anshubank.exception.InsufficientBalanceException: Insufficient balance in SB82418833
2026-09-12T19:09:24.911619 [INFO] Customer login success: C1001
2026-09-12T19:10:33.395414 [ERROR] com.anshubank.exception.InsufficientBalanceException: Insufficient balance in SB10001
2026-09-12T19:17:08.715448 [INFO] Customer login success: C1001
2026-09-12T19:33:34.434408 [INFO] Database initialized
2026-09-12T19:34:04.599127 [INFO] Customer login success: C1001
2026-09-12T19:57:40.252551 [INFO] Database initialized
2026-09-12T19:57:59.835117 [INFO] Customer login success: C1001
2026-09-12T19:59:44.251884 [INFO] Admin login success: admin
2026-09-12T20:05:42.196779 [INFO] Database initialized
2026-09-12T20:06:02.858867 [INFO] Admin login success: admin
2026-09-12T20:08:35.264109 [ERROR] java.lang.IllegalArgumentException: No enum constant com.anshubank.enums.AccountStatus.
2026-09-12T20:09:06.070397 [INFO] Admin login success: admin
2026-09-12T22:14:15.961263 [INFO] Database initialized
2026-09-12T22:14:58.678204 [INFO] Admin login success: admin
2026-09-12T22:17:55.039401 [INFO] Database initialized
2026-09-12T22:18:18.999979 [INFO] Admin login success: admin
2026-09-12T22:24:26.205424 [INFO] Customer login success: C1001
2026-09-12T22:33:46.908376 [INFO] Database initialized
2026-09-12T22:38:16.244285 [INFO] Database initialized
2026-09-12T22:56:07.924114 [INFO] Database initialized
2026-09-12T22:56:51.174090 [INFO] Customer login success: C1001
